'NSFormalization.Section3.T23.WholeSpaceCorrectionAPI.correction_eq_physical' depends on axioms: [propext,
 Classical.choice,
 Quot.sound]
'NSFormalization.Section3.T23.WholeSpaceCorrectionAPI.local_match' depends on axioms: [propext,
 Classical.choice,
 Quot.sound]
'NSFormalization.Section3.T23.WholeSpaceCorrectionAPI.local_crossTransport' depends on axioms: [propext,
 Classical.choice,
 Quot.sound]
'NSFormalization.Section3.T23.WholeSpaceCorrectionAPI.supplierCutoff' depends on axioms: [propext,
 Classical.choice,
 Quot.sound]
'NSFormalization.Section3.T23.WholeSpaceCorrectionAPI.supplierCutoff_force' depends on axioms: [propext,
 Classical.choice,
 Quot.sound]
'NSFormalization.Section3.T23.ClassicalSolutionOmega.local_velocity' depends on axioms: [propext,
 Classical.choice,
 Quot.sound]
'NSFormalization.Section3.T23.domainEnergyENorm_le' depends on axioms: [propext, Classical.choice, Quot.sound]
'NSFormalization.Section3.T23.WholeSpaceCorrectionAPI.local_energy_bound' depends on axioms: [propext,
 Classical.choice,
 Quot.sound]
'NSFormalization.Section3.T23.WholeSpaceCorrectionAPI.local_mixed_bound' depends on axioms: [propext,
 Classical.choice,
 Quot.sound]
'NSFormalization.Section3.T23.forceSobolevENorm_le_cycles' depends on axioms: [propext, Classical.choice, Quot.sound]
'NSFormalization.Section3.T23.exists_local_sobolev_bounds' depends on axioms: [propext, Classical.choice, Quot.sound]
