'NSFormalization.Section3.T23.lintegral_sobolevENorm_le_forceSobolevENorm' depends on axioms: [propext,
 Classical.choice,
 Quot.sound]
'NSFormalization.Section3.T23.sobolevENorm_mono_order' depends on axioms: [propext, Classical.choice, Quot.sound]
'NSFormalization.Section3.T23.domainSobolevENorm_mono_order' depends on axioms: [propext, Classical.choice, Quot.sound]
'NSFormalization.Section3.T23.forceSobolevENorm_add_le_of_continuous' depends on axioms: [propext,
 Classical.choice,
 Quot.sound]
'NSFormalization.Section3.T23.domainEnergyENorm_le' depends on axioms: [propext, Classical.choice, Quot.sound]
'NSFormalization.Section3.T23.energyConst' depends on axioms: [propext, Classical.choice, Quot.sound]
'NSFormalization.Section3.T23.energyConst_nonneg' depends on axioms: [propext, Classical.choice, Quot.sound]
'NSFormalization.Section3.T23.energyRate' depends on axioms: [propext, Classical.choice, Quot.sound]
'NSFormalization.Section3.T23.forceDiffSobolevConst' depends on axioms: [propext, Classical.choice, Quot.sound]
'NSFormalization.Section3.T23.forceDiffSobolevConst_pos' depends on axioms: [propext, Classical.choice, Quot.sound]
'NSFormalization.Section3.T23.positive_rates_absorb' depends on axioms: [propext, Classical.choice, Quot.sound]
'NSFormalization.Section3.T23.force_sum_rate' depends on axioms: [propext, Classical.choice, Quot.sound]
'NSFormalization.Section3.T23.forceDifference_sobolev_bound' depends on axioms: [propext, Classical.choice, Quot.sound]
'NSFormalization.Section3.T23.domainForceSobolevENorm_mono_order' depends on axioms: [propext,
 Classical.choice,
 Quot.sound]
'NSFormalization.Section3.T23.zeroExtForceSobolevENorm_mono_order' depends on axioms: [propext,
 Classical.choice,
 Quot.sound]
'NSFormalization.Section3.T23.forceDifference_convergence' depends on axioms: [propext, Classical.choice, Quot.sound]
'NSFormalization.Section3.T23.forceDifference_negativeSobolev_tendsto' depends on axioms: [propext,
 Classical.choice,
 Quot.sound]
'NSFormalization.Section3.T23.sobolevENorm_zeroExtension_nonpos_le_L2' depends on axioms: [propext,
 Classical.choice,
 Quot.sound]
