'NSFormalization.Section3.T23.packet_slice_zero' depends on axioms: [propext, Classical.choice, Quot.sound]
'NSFormalization.Section3.T23.physicalCorrection_cancels_packet' depends on axioms: [propext,
 Classical.choice,
 Quot.sound]
'NSFormalization.Section3.T23.crossTransport_pair' depends on axioms: [propext, Classical.choice, Quot.sound]
'NSFormalization.Section3.T23.exists_localCorrectionCore' depends on axioms: [propext, Classical.choice, Quot.sound]
'NSFormalization.Section3.T23.correctionForce_eq_source' depends on axioms: [propext, Classical.choice, Quot.sound]
'NSFormalization.Section3.T23.force_support' depends on axioms: [propext, Classical.choice, Quot.sound]
'NSFormalization.Section3.T23.correctionForce_eq_of_open_agreement' depends on axioms: [propext,
 Classical.choice,
 Quot.sound]
'NSFormalization.Section3.T23.force_smooth_of_local' depends on axioms: [propext, Classical.choice, Quot.sound]
'NSFormalization.Section3.T23.correction_support_interior' depends on axioms: [propext, Classical.choice, Quot.sound]
'NSFormalization.Section3.T23.exists_localCorrection_in_domain' depends on axioms: [propext,
 Classical.choice,
 Quot.sound]
'NSFormalization.Section3.T23.LocalCorrectionCore.correction_eq_physical' depends on axioms: [propext,
 Classical.choice,
 Quot.sound]
'NSFormalization.Section3.T23.LocalCorrectionCore.threshold_mono' depends on axioms: [propext,
 Classical.choice,
 Quot.sound]
'NSFormalization.Section3.T23.correction_support_ball' depends on axioms: [propext, Classical.choice, Quot.sound]
'NSFormalization.Section3.T23.force_support_ball' depends on axioms: [propext, Classical.choice, Quot.sound]
'NSFormalization.Section3.T23.zeroCutoff_no_positive_threshold' depends on axioms: [propext,
 Classical.choice,
 Quot.sound]
'NSFormalization.Section3.T23.exists_spatial_solenoidal_extension' depends on axioms: [propext,
 Classical.choice,
 Quot.sound]
'NSFormalization.Section3.T23.exists_solenoidal_window_extension' depends on axioms: [propext,
 Classical.choice,
 Quot.sound]
'NSFormalization.Section3.T23.physicalCorrection_eq_of_cylinder' depends on axioms: [propext,
 Classical.choice,
 Quot.sound]
'NSFormalization.Section3.T23.exists_matching_global_correction' depends on axioms: [propext,
 Classical.choice,
 Quot.sound]
'NSFormalization.Section3.T23.exists_local_derivative_bounds' depends on axioms: [propext, Classical.choice, Quot.sound]
'NSFormalization.Section3.T23.exists_localCorrection_with_derivative_bounds' depends on axioms: [propext,
 Classical.choice,
 Quot.sound]
